// Jest Snapshot v1, https://goo.gl/fbAQLP

exports[`sortUsers should sort users by a-z 1`] = `
Array [
  Object {
    "avatar_url": "https://avatars2.githubusercontent.com/u/15645007?v=4",
    "events_url": "https://api.github.com/users/DeepakRattan/events{/privacy}",
    "followers_url": "https://api.github.com/users/DeepakRattan/followers",
    "following_url": "https://api.github.com/users/DeepakRattan/following{/other_user}",
    "gists_url": "https://api.github.com/users/DeepakRattan/gists{/gist_id}",
    "gravatar_id": "",
    "html_url": "https://github.com/DeepakRattan",
    "id": 15645007,
    "login": "aswes",
    "node_id": "MDQ6VXNlcjE1NjQ1MDA3",
    "organizations_url": "https://api.github.com/users/DeepakRattan/orgs",
    "received_events_url": "https://api.github.com/users/DeepakRattan/received_events",
    "repos_url": "https://api.github.com/users/DeepakRattan/repos",
    "score": 70.48101,
    "site_admin": false,
    "starred_url": "https://api.github.com/users/DeepakRattan/starred{/owner}{/repo}",
    "subscriptions_url": "https://api.github.com/users/DeepakRattan/subscriptions",
    "type": "User",
    "url": "https://api.github.com/users/DeepakRattan",
  },
  Object {
    "avatar_url": "https://avatars1.githubusercontent.com/u/964386?v=4",
    "events_url": "https://api.github.com/users/deepak1556/events{/privacy}",
    "followers_url": "https://api.github.com/users/deepak1556/followers",
    "following_url": "https://api.github.com/users/deepak1556/following{/other_user}",
    "gists_url": "https://api.github.com/users/deepak1556/gists{/gist_id}",
    "gravatar_id": "",
    "html_url": "https://github.com/deepak1556",
    "id": 964386,
    "login": "deepak1556",
    "node_id": "MDQ6VXNlcjk2NDM4Ng==",
    "organizations_url": "https://api.github.com/users/deepak1556/orgs",
    "received_events_url": "https://api.github.com/users/deepak1556/received_events",
    "repos_url": "https://api.github.com/users/deepak1556/repos",
    "score": 84.480804,
    "site_admin": false,
    "starred_url": "https://api.github.com/users/deepak1556/starred{/owner}{/repo}",
    "subscriptions_url": "https://api.github.com/users/deepak1556/subscriptions",
    "type": "User",
    "url": "https://api.github.com/users/deepak1556",
  },
  Object {
    "avatar_url": "https://avatars2.githubusercontent.com/u/15071438?v=4",
    "events_url": "https://api.github.com/users/deepakpathania/events{/privacy}",
    "followers_url": "https://api.github.com/users/deepakpathania/followers",
    "following_url": "https://api.github.com/users/deepakpathania/following{/other_user}",
    "gists_url": "https://api.github.com/users/deepakpathania/gists{/gist_id}",
    "gravatar_id": "",
    "html_url": "https://github.com/deepakpathania",
    "id": 15071438,
    "login": "neeraj",
    "node_id": "MDQ6VXNlcjE1MDcxNDM4",
    "organizations_url": "https://api.github.com/users/deepakpathania/orgs",
    "received_events_url": "https://api.github.com/users/deepakpathania/received_events",
    "repos_url": "https://api.github.com/users/deepakpathania/repos",
    "score": 69.94201,
    "site_admin": false,
    "starred_url": "https://api.github.com/users/deepakpathania/starred{/owner}{/repo}",
    "subscriptions_url": "https://api.github.com/users/deepakpathania/subscriptions",
    "type": "User",
    "url": "https://api.github.com/users/deepakpathania",
  },
  Object {
    "avatar_url": "https://avatars2.githubusercontent.com/u/9192?v=4",
    "events_url": "https://api.github.com/users/deepak/events{/privacy}",
    "followers_url": "https://api.github.com/users/deepak/followers",
    "following_url": "https://api.github.com/users/deepak/following{/other_user}",
    "gists_url": "https://api.github.com/users/deepak/gists{/gist_id}",
    "gravatar_id": "",
    "html_url": "https://github.com/deepak",
    "id": 9192,
    "login": "zaxcx",
    "node_id": "MDQ6VXNlcjkxOTI=",
    "organizations_url": "https://api.github.com/users/deepak/orgs",
    "received_events_url": "https://api.github.com/users/deepak/received_events",
    "repos_url": "https://api.github.com/users/deepak/repos",
    "score": 130.07014,
    "site_admin": false,
    "starred_url": "https://api.github.com/users/deepak/starred{/owner}{/repo}",
    "subscriptions_url": "https://api.github.com/users/deepak/subscriptions",
    "type": "User",
    "url": "https://api.github.com/users/deepak",
  },
]
`;

exports[`sortUsers should sort users by rank down 1`] = `
Array [
  Object {
    "avatar_url": "https://avatars2.githubusercontent.com/u/9192?v=4",
    "events_url": "https://api.github.com/users/deepak/events{/privacy}",
    "followers_url": "https://api.github.com/users/deepak/followers",
    "following_url": "https://api.github.com/users/deepak/following{/other_user}",
    "gists_url": "https://api.github.com/users/deepak/gists{/gist_id}",
    "gravatar_id": "",
    "html_url": "https://github.com/deepak",
    "id": 9192,
    "login": "zaxcx",
    "node_id": "MDQ6VXNlcjkxOTI=",
    "organizations_url": "https://api.github.com/users/deepak/orgs",
    "received_events_url": "https://api.github.com/users/deepak/received_events",
    "repos_url": "https://api.github.com/users/deepak/repos",
    "score": 130.07014,
    "site_admin": false,
    "starred_url": "https://api.github.com/users/deepak/starred{/owner}{/repo}",
    "subscriptions_url": "https://api.github.com/users/deepak/subscriptions",
    "type": "User",
    "url": "https://api.github.com/users/deepak",
  },
  Object {
    "avatar_url": "https://avatars1.githubusercontent.com/u/964386?v=4",
    "events_url": "https://api.github.com/users/deepak1556/events{/privacy}",
    "followers_url": "https://api.github.com/users/deepak1556/followers",
    "following_url": "https://api.github.com/users/deepak1556/following{/other_user}",
    "gists_url": "https://api.github.com/users/deepak1556/gists{/gist_id}",
    "gravatar_id": "",
    "html_url": "https://github.com/deepak1556",
    "id": 964386,
    "login": "deepak1556",
    "node_id": "MDQ6VXNlcjk2NDM4Ng==",
    "organizations_url": "https://api.github.com/users/deepak1556/orgs",
    "received_events_url": "https://api.github.com/users/deepak1556/received_events",
    "repos_url": "https://api.github.com/users/deepak1556/repos",
    "score": 84.480804,
    "site_admin": false,
    "starred_url": "https://api.github.com/users/deepak1556/starred{/owner}{/repo}",
    "subscriptions_url": "https://api.github.com/users/deepak1556/subscriptions",
    "type": "User",
    "url": "https://api.github.com/users/deepak1556",
  },
  Object {
    "avatar_url": "https://avatars2.githubusercontent.com/u/15645007?v=4",
    "events_url": "https://api.github.com/users/DeepakRattan/events{/privacy}",
    "followers_url": "https://api.github.com/users/DeepakRattan/followers",
    "following_url": "https://api.github.com/users/DeepakRattan/following{/other_user}",
    "gists_url": "https://api.github.com/users/DeepakRattan/gists{/gist_id}",
    "gravatar_id": "",
    "html_url": "https://github.com/DeepakRattan",
    "id": 15645007,
    "login": "aswes",
    "node_id": "MDQ6VXNlcjE1NjQ1MDA3",
    "organizations_url": "https://api.github.com/users/DeepakRattan/orgs",
    "received_events_url": "https://api.github.com/users/DeepakRattan/received_events",
    "repos_url": "https://api.github.com/users/DeepakRattan/repos",
    "score": 70.48101,
    "site_admin": false,
    "starred_url": "https://api.github.com/users/DeepakRattan/starred{/owner}{/repo}",
    "subscriptions_url": "https://api.github.com/users/DeepakRattan/subscriptions",
    "type": "User",
    "url": "https://api.github.com/users/DeepakRattan",
  },
  Object {
    "avatar_url": "https://avatars2.githubusercontent.com/u/15071438?v=4",
    "events_url": "https://api.github.com/users/deepakpathania/events{/privacy}",
    "followers_url": "https://api.github.com/users/deepakpathania/followers",
    "following_url": "https://api.github.com/users/deepakpathania/following{/other_user}",
    "gists_url": "https://api.github.com/users/deepakpathania/gists{/gist_id}",
    "gravatar_id": "",
    "html_url": "https://github.com/deepakpathania",
    "id": 15071438,
    "login": "neeraj",
    "node_id": "MDQ6VXNlcjE1MDcxNDM4",
    "organizations_url": "https://api.github.com/users/deepakpathania/orgs",
    "received_events_url": "https://api.github.com/users/deepakpathania/received_events",
    "repos_url": "https://api.github.com/users/deepakpathania/repos",
    "score": 69.94201,
    "site_admin": false,
    "starred_url": "https://api.github.com/users/deepakpathania/starred{/owner}{/repo}",
    "subscriptions_url": "https://api.github.com/users/deepakpathania/subscriptions",
    "type": "User",
    "url": "https://api.github.com/users/deepakpathania",
  },
]
`;

exports[`sortUsers should sort users by rank up 1`] = `
Array [
  Object {
    "avatar_url": "https://avatars2.githubusercontent.com/u/15071438?v=4",
    "events_url": "https://api.github.com/users/deepakpathania/events{/privacy}",
    "followers_url": "https://api.github.com/users/deepakpathania/followers",
    "following_url": "https://api.github.com/users/deepakpathania/following{/other_user}",
    "gists_url": "https://api.github.com/users/deepakpathania/gists{/gist_id}",
    "gravatar_id": "",
    "html_url": "https://github.com/deepakpathania",
    "id": 15071438,
    "login": "neeraj",
    "node_id": "MDQ6VXNlcjE1MDcxNDM4",
    "organizations_url": "https://api.github.com/users/deepakpathania/orgs",
    "received_events_url": "https://api.github.com/users/deepakpathania/received_events",
    "repos_url": "https://api.github.com/users/deepakpathania/repos",
    "score": 69.94201,
    "site_admin": false,
    "starred_url": "https://api.github.com/users/deepakpathania/starred{/owner}{/repo}",
    "subscriptions_url": "https://api.github.com/users/deepakpathania/subscriptions",
    "type": "User",
    "url": "https://api.github.com/users/deepakpathania",
  },
  Object {
    "avatar_url": "https://avatars2.githubusercontent.com/u/15645007?v=4",
    "events_url": "https://api.github.com/users/DeepakRattan/events{/privacy}",
    "followers_url": "https://api.github.com/users/DeepakRattan/followers",
    "following_url": "https://api.github.com/users/DeepakRattan/following{/other_user}",
    "gists_url": "https://api.github.com/users/DeepakRattan/gists{/gist_id}",
    "gravatar_id": "",
    "html_url": "https://github.com/DeepakRattan",
    "id": 15645007,
    "login": "aswes",
    "node_id": "MDQ6VXNlcjE1NjQ1MDA3",
    "organizations_url": "https://api.github.com/users/DeepakRattan/orgs",
    "received_events_url": "https://api.github.com/users/DeepakRattan/received_events",
    "repos_url": "https://api.github.com/users/DeepakRattan/repos",
    "score": 70.48101,
    "site_admin": false,
    "starred_url": "https://api.github.com/users/DeepakRattan/starred{/owner}{/repo}",
    "subscriptions_url": "https://api.github.com/users/DeepakRattan/subscriptions",
    "type": "User",
    "url": "https://api.github.com/users/DeepakRattan",
  },
  Object {
    "avatar_url": "https://avatars1.githubusercontent.com/u/964386?v=4",
    "events_url": "https://api.github.com/users/deepak1556/events{/privacy}",
    "followers_url": "https://api.github.com/users/deepak1556/followers",
    "following_url": "https://api.github.com/users/deepak1556/following{/other_user}",
    "gists_url": "https://api.github.com/users/deepak1556/gists{/gist_id}",
    "gravatar_id": "",
    "html_url": "https://github.com/deepak1556",
    "id": 964386,
    "login": "deepak1556",
    "node_id": "MDQ6VXNlcjk2NDM4Ng==",
    "organizations_url": "https://api.github.com/users/deepak1556/orgs",
    "received_events_url": "https://api.github.com/users/deepak1556/received_events",
    "repos_url": "https://api.github.com/users/deepak1556/repos",
    "score": 84.480804,
    "site_admin": false,
    "starred_url": "https://api.github.com/users/deepak1556/starred{/owner}{/repo}",
    "subscriptions_url": "https://api.github.com/users/deepak1556/subscriptions",
    "type": "User",
    "url": "https://api.github.com/users/deepak1556",
  },
  Object {
    "avatar_url": "https://avatars2.githubusercontent.com/u/9192?v=4",
    "events_url": "https://api.github.com/users/deepak/events{/privacy}",
    "followers_url": "https://api.github.com/users/deepak/followers",
    "following_url": "https://api.github.com/users/deepak/following{/other_user}",
    "gists_url": "https://api.github.com/users/deepak/gists{/gist_id}",
    "gravatar_id": "",
    "html_url": "https://github.com/deepak",
    "id": 9192,
    "login": "zaxcx",
    "node_id": "MDQ6VXNlcjkxOTI=",
    "organizations_url": "https://api.github.com/users/deepak/orgs",
    "received_events_url": "https://api.github.com/users/deepak/received_events",
    "repos_url": "https://api.github.com/users/deepak/repos",
    "score": 130.07014,
    "site_admin": false,
    "starred_url": "https://api.github.com/users/deepak/starred{/owner}{/repo}",
    "subscriptions_url": "https://api.github.com/users/deepak/subscriptions",
    "type": "User",
    "url": "https://api.github.com/users/deepak",
  },
]
`;

exports[`sortUsers should sort users by z-a 1`] = `
Array [
  Object {
    "avatar_url": "https://avatars2.githubusercontent.com/u/9192?v=4",
    "events_url": "https://api.github.com/users/deepak/events{/privacy}",
    "followers_url": "https://api.github.com/users/deepak/followers",
    "following_url": "https://api.github.com/users/deepak/following{/other_user}",
    "gists_url": "https://api.github.com/users/deepak/gists{/gist_id}",
    "gravatar_id": "",
    "html_url": "https://github.com/deepak",
    "id": 9192,
    "login": "zaxcx",
    "node_id": "MDQ6VXNlcjkxOTI=",
    "organizations_url": "https://api.github.com/users/deepak/orgs",
    "received_events_url": "https://api.github.com/users/deepak/received_events",
    "repos_url": "https://api.github.com/users/deepak/repos",
    "score": 130.07014,
    "site_admin": false,
    "starred_url": "https://api.github.com/users/deepak/starred{/owner}{/repo}",
    "subscriptions_url": "https://api.github.com/users/deepak/subscriptions",
    "type": "User",
    "url": "https://api.github.com/users/deepak",
  },
  Object {
    "avatar_url": "https://avatars2.githubusercontent.com/u/15071438?v=4",
    "events_url": "https://api.github.com/users/deepakpathania/events{/privacy}",
    "followers_url": "https://api.github.com/users/deepakpathania/followers",
    "following_url": "https://api.github.com/users/deepakpathania/following{/other_user}",
    "gists_url": "https://api.github.com/users/deepakpathania/gists{/gist_id}",
    "gravatar_id": "",
    "html_url": "https://github.com/deepakpathania",
    "id": 15071438,
    "login": "neeraj",
    "node_id": "MDQ6VXNlcjE1MDcxNDM4",
    "organizations_url": "https://api.github.com/users/deepakpathania/orgs",
    "received_events_url": "https://api.github.com/users/deepakpathania/received_events",
    "repos_url": "https://api.github.com/users/deepakpathania/repos",
    "score": 69.94201,
    "site_admin": false,
    "starred_url": "https://api.github.com/users/deepakpathania/starred{/owner}{/repo}",
    "subscriptions_url": "https://api.github.com/users/deepakpathania/subscriptions",
    "type": "User",
    "url": "https://api.github.com/users/deepakpathania",
  },
  Object {
    "avatar_url": "https://avatars1.githubusercontent.com/u/964386?v=4",
    "events_url": "https://api.github.com/users/deepak1556/events{/privacy}",
    "followers_url": "https://api.github.com/users/deepak1556/followers",
    "following_url": "https://api.github.com/users/deepak1556/following{/other_user}",
    "gists_url": "https://api.github.com/users/deepak1556/gists{/gist_id}",
    "gravatar_id": "",
    "html_url": "https://github.com/deepak1556",
    "id": 964386,
    "login": "deepak1556",
    "node_id": "MDQ6VXNlcjk2NDM4Ng==",
    "organizations_url": "https://api.github.com/users/deepak1556/orgs",
    "received_events_url": "https://api.github.com/users/deepak1556/received_events",
    "repos_url": "https://api.github.com/users/deepak1556/repos",
    "score": 84.480804,
    "site_admin": false,
    "starred_url": "https://api.github.com/users/deepak1556/starred{/owner}{/repo}",
    "subscriptions_url": "https://api.github.com/users/deepak1556/subscriptions",
    "type": "User",
    "url": "https://api.github.com/users/deepak1556",
  },
  Object {
    "avatar_url": "https://avatars2.githubusercontent.com/u/15645007?v=4",
    "events_url": "https://api.github.com/users/DeepakRattan/events{/privacy}",
    "followers_url": "https://api.github.com/users/DeepakRattan/followers",
    "following_url": "https://api.github.com/users/DeepakRattan/following{/other_user}",
    "gists_url": "https://api.github.com/users/DeepakRattan/gists{/gist_id}",
    "gravatar_id": "",
    "html_url": "https://github.com/DeepakRattan",
    "id": 15645007,
    "login": "aswes",
    "node_id": "MDQ6VXNlcjE1NjQ1MDA3",
    "organizations_url": "https://api.github.com/users/DeepakRattan/orgs",
    "received_events_url": "https://api.github.com/users/DeepakRattan/received_events",
    "repos_url": "https://api.github.com/users/DeepakRattan/repos",
    "score": 70.48101,
    "site_admin": false,
    "starred_url": "https://api.github.com/users/DeepakRattan/starred{/owner}{/repo}",
    "subscriptions_url": "https://api.github.com/users/DeepakRattan/subscriptions",
    "type": "User",
    "url": "https://api.github.com/users/DeepakRattan",
  },
]
`;
